Library Info,File Name,Package,License,URL
fake:lib:1.0,lib-1.0.jar,project,Apache-2.0,https://example.com/desired
fake:lib:2.0,lib-2.0.jar,project,CDDL-1.0,https://example.com/desired
