Library Info,File Name,Package,License,URL
edu.ucar:cdm:4.5.5,cdm-4.5.5.jar,project,(MIT-style) netCDF C library license,http://www.unidata.ucar.edu/software/netcdf-java/documentation.htm
