Library Info,File Name,Package,License,URL
fake:lib:1.0,lib-1.0.jar,project,CDDL-1.0,https://example.com/favourite-license-first
fake:lib:2.0,lib-2.0.jar,project,CDDL-1.0,https://example.com/favourite-license-middle
fake:lib:3.0,lib-3.0.jar,project,CDDL-1.0,https://example.com/favourite-license-last
fake:lib:4.0,lib-4.0.jar,project,CDDL-1.0,https://example.com/approved-license-first
fake:lib:5.0,lib-5.0.jar,project,CDDL-1.0,https://example.com/approved-license-second
fake:lib:6.0,lib-6.0.jar,project,GPL-3.0,https://example.com/no-approved-license
